2026-09-11 19:42:09,412 INFO: Microblog startup [in /home/sherry/Projects/microblog/app/__init__.py:55]
2026-09-11 19:42:27,296 INFO: Microblog startup [in /home/sherry/Projects/microblog/app/__init__.py:55]
2026-09-11 19:42:42,005 INFO: Microblog startup [in /home/sherry/Projects/microblog/app/__init__.py:55]
2026-09-11 19:42:42,835 INFO: Microblog startup [in /home/sherry/Projects/microblog/app/__init__.py:55]
2026-09-11 19:42:57,525 INFO: Microblog startup [in /home/sherry/Projects/microblog/app/__init__.py:55]
2026-09-11 19:43:37,906 INFO: Microblog startup [in /home/sherry/Projects/microblog/app/__init__.py:55]
2026-09-11 19:43:37,906 INFO: Microblog startup [in /home/sherry/Projects/microblog/app/__init__.py:55]
2026-09-11 19:43:37,936 ERROR: Exception on /__chapter7_test_500 [GET] [in /home/sherry/Projects/microblog/venv/lib/python3.14/site-packages/flask/app.py:875]
Traceback (most recent call last):
  File "/home/sherry/Projects/microblog/venv/lib/python3.14/site-packages/flask/app.py", line 1511, in wsgi_app
    response = self.full_dispatch_request()
  File "/home/sherry/Projects/microblog/venv/lib/python3.14/site-packages/flask/app.py", line 919, in full_dispatch_request
    rv = self.handle_user_exception(e)
  File "/home/sherry/Projects/microblog/venv/lib/python3.14/site-packages/flask/app.py", line 917, in full_dispatch_request
    rv = self.dispatch_request()
  File "/home/sherry/Projects/microblog/venv/lib/python3.14/site-packages/flask/app.py", line 902, in dispatch_request
    return self.ensure_sync(self.view_functions[rule.endpoint])(**view_args)  # type: ignore[no-any-return]
           ~~~~~~~~~~~~~~~~~~~~~~~~~~~~~~~~~~~~~~~~~~~~~~~~~~~~^^^^^^^^^^^^^
  File "<stdin>", line 7, in chapter7_test_500
RuntimeError: intentional Chapter 7 test failure
2026-09-11 19:44:17,911 INFO: Microblog startup [in /home/sherry/Projects/microblog/app/__init__.py:57]
2026-09-11 19:44:17,913 INFO: Microblog startup [in /home/sherry/Projects/microblog/app/__init__.py:57]
2026-09-11 19:58:02,524 INFO: Microblog startup [in /home/sherry/Projects/microblog/app/__init__.py:57]
2026-09-11 21:34:55,183 INFO: Microblog startup [in /home/sherry/Projects/microblog/app/__init__.py:57]
2026-09-11 21:37:17,784 INFO: Microblog startup [in /home/sherry/Projects/microblog/app/__init__.py:57]
2026-09-11 21:37:25,212 INFO: Microblog startup [in /home/sherry/Projects/microblog/app/__init__.py:57]
2026-09-11 21:37:26,019 INFO: Microblog startup [in /home/sherry/Projects/microblog/app/__init__.py:57]
2026-09-11 21:38:00,547 INFO: Microblog startup [in /home/sherry/Projects/microblog/app/__init__.py:57]
2026-09-11 21:38:01,359 INFO: Microblog startup [in /home/sherry/Projects/microblog/app/__init__.py:57]
2026-09-11 21:38:23,998 INFO: Microblog startup [in /home/sherry/Projects/microblog/app/__init__.py:57]
2026-09-11 21:38:25,019 INFO: Microblog startup [in /home/sherry/Projects/microblog/app/__init__.py:57]
2026-09-11 21:38:33,843 INFO: Microblog startup [in /home/sherry/Projects/microblog/app/__init__.py:57]
2026-09-11 21:39:04,588 INFO: Microblog startup [in /home/sherry/Projects/microblog/app/__init__.py:57]
2026-09-11 21:39:15,638 INFO: Microblog startup [in /home/sherry/Projects/microblog/app/__init__.py:57]
2026-09-11 21:39:44,765 INFO: Microblog startup [in /home/sherry/Projects/microblog/app/__init__.py:57]
2026-09-11 21:40:37,837 INFO: Microblog startup [in /home/sherry/Projects/microblog/app/__init__.py:57]
2026-09-11 21:40:37,962 INFO: Microblog startup [in /home/sherry/Projects/microblog/app/__init__.py:57]
